// Jest Snapshot v1, https://goo.gl/fbAQLP

exports[`renders App component 1`] = `
<div
  className="app-ctn"
>
  <BrowserRouter>
    <SideBar />
    <Routes>
      <Route
        element={<Main />}
        path="/"
      />
    </Routes>
    <Footer />
  </BrowserRouter>
</div>
`;
