// Jest Snapshot v1, https://goo.gl/fbAQLP

exports[`renders App component 1`] = `
<footer>
  Â© 2022 Chuckster
</footer>
`;
