// Jest Snapshot v1, https://goo.gl/fbAQLP

exports[`renders App component 1`] = `
<div
  className="main-ctn has-background-info-light"
>
  Main
</div>
`;
