// Jest Snapshot v1, https://goo.gl/fbAQLP

exports[`renders App component 1`] = `
<nav
  className="sidebar-ctn"
>
  <div
    className="title-ctn"
  >
    Chuckster 😁
  </div>
</nav>
`;
