// Jest Snapshot v1, https://goo.gl/fbAQLP

exports[`renders App component 1`] = `
<div>
  <button
    onClick={[Function]}
    type="button"
  >
    Sign Up Here!
  </button>
  <Modal
    ariaHideApp={true}
    bodyOpenClassName="ReactModal__Body--open"
    closeTimeoutMS={0}
    contentElement={[Function]}
    contentLabel="Example Modal"
    isOpen={false}
    onRequestClose={[Function]}
    overlayElement={[Function]}
    parentSelector={[Function]}
    portalClassName="ReactModalPortal"
    preventScroll={false}
    role="dialog"
    shouldCloseOnEsc={true}
    shouldCloseOnOverlayClick={true}
    shouldFocusAfterRender={true}
    shouldReturnFocusAfterClose={true}
  >
    <button
      className="modal-close-btn"
      onClick={[Function]}
      type="button"
    >
      X
    </button>
    <h2>
      Sign Up
    </h2>
    <form>
      <input />
    </form>
  </Modal>
</div>
`;
