// Jest Snapshot v1, https://goo.gl/fbAQLP

exports[`renders App component 1`] = `
<Fragment>
  <UserContextProvider>
    <BrowserRouter />
  </UserContextProvider>
</Fragment>
`;
